/Users/kst/Desktop/IST-Software engineer-intern/leave-service/src/main/java/com/africa/hr/leave/leave_service/LeaveServiceApplication.java
/Users/kst/Desktop/IST-Software engineer-intern/leave-service/src/main/java/com/africa/hr/leave/leave_service/config/AppConfig.java
/Users/kst/Desktop/IST-Software engineer-intern/leave-service/src/main/java/com/africa/hr/leave/leave_service/config/JwtConfig.java
/Users/kst/Desktop/IST-Software engineer-intern/leave-service/src/main/java/com/africa/hr/leave/leave_service/config/SecurityConfig.java
/Users/kst/Desktop/IST-Software engineer-intern/leave-service/src/main/java/com/africa/hr/leave/leave_service/controllers/AdminController.java
/Users/kst/Desktop/IST-Software engineer-intern/leave-service/src/main/java/com/africa/hr/leave/leave_service/controllers/LeaveBalanceController.java
/Users/kst/Desktop/IST-Software engineer-intern/leave-service/src/main/java/com/africa/hr/leave/leave_service/controllers/LeaveController.java
/Users/kst/Desktop/IST-Software engineer-intern/leave-service/src/main/java/com/africa/hr/leave/leave_service/models/LeaveBalance.java
/Users/kst/Desktop/IST-Software engineer-intern/leave-service/src/main/java/com/africa/hr/leave/leave_service/models/LeaveRequest.java
/Users/kst/Desktop/IST-Software engineer-intern/leave-service/src/main/java/com/africa/hr/leave/leave_service/models/LeaveStatus.java
/Users/kst/Desktop/IST-Software engineer-intern/leave-service/src/main/java/com/africa/hr/leave/leave_service/models/LeaveType.java
/Users/kst/Desktop/IST-Software engineer-intern/leave-service/src/main/java/com/africa/hr/leave/leave_service/models/RejectLeaveRequest.java
/Users/kst/Desktop/IST-Software engineer-intern/leave-service/src/main/java/com/africa/hr/leave/leave_service/models/Role.java
/Users/kst/Desktop/IST-Software engineer-intern/leave-service/src/main/java/com/africa/hr/leave/leave_service/models/UserDto.java
/Users/kst/Desktop/IST-Software engineer-intern/leave-service/src/main/java/com/africa/hr/leave/leave_service/repositories/LeaveBalanceRepository.java
/Users/kst/Desktop/IST-Software engineer-intern/leave-service/src/main/java/com/africa/hr/leave/leave_service/repositories/LeaveRepository.java
/Users/kst/Desktop/IST-Software engineer-intern/leave-service/src/main/java/com/africa/hr/leave/leave_service/services/AuthServiceClient.java
/Users/kst/Desktop/IST-Software engineer-intern/leave-service/src/main/java/com/africa/hr/leave/leave_service/services/LeaveBalanceService.java
/Users/kst/Desktop/IST-Software engineer-intern/leave-service/src/main/java/com/africa/hr/leave/leave_service/services/LeaveService.java
