com/africa/hr/leave/leave_service/LeaveServiceApplication.class
com/africa/hr/leave/leave_service/controllers/LeaveController.class
com/africa/hr/leave/leave_service/controllers/LeaveBalanceController.class
com/africa/hr/leave/leave_service/controllers/AdminController.class
com/africa/hr/leave/leave_service/services/AuthServiceClient.class
com/africa/hr/leave/leave_service/services/AuthServiceClient$1.class
com/africa/hr/leave/leave_service/models/RejectLeaveRequest.class
com/africa/hr/leave/leave_service/config/AppConfig.class
com/africa/hr/leave/leave_service/models/LeaveRequest$LeaveRequestBuilder.class
com/africa/hr/leave/leave_service/models/LeaveType.class
com/africa/hr/leave/leave_service/models/Role.class
com/africa/hr/leave/leave_service/models/LeaveBalance$LeaveBalanceBuilder.class
com/africa/hr/leave/leave_service/models/LeaveRequest.class
com/africa/hr/leave/leave_service/models/LeaveBalance.class
com/africa/hr/leave/leave_service/services/AuthServiceClient$2.class
com/africa/hr/leave/leave_service/services/LeaveService.class
com/africa/hr/leave/leave_service/config/JwtConfig.class
com/africa/hr/leave/leave_service/models/UserDto.class
com/africa/hr/leave/leave_service/repositories/LeaveRepository.class
com/africa/hr/leave/leave_service/config/SecurityConfig.class
com/africa/hr/leave/leave_service/repositories/LeaveBalanceRepository.class
com/africa/hr/leave/leave_service/models/LeaveStatus.class
com/africa/hr/leave/leave_service/services/LeaveBalanceService.class
